// Jest Snapshot v1, https://goo.gl/fbAQLP

exports[`render CalendarDay correctly 1`] = `
<div
  className="calendarDay"
/>
`;
