// Jest Snapshot v1, https://goo.gl/fbAQLP

exports[`render DatePicker correctly 1`] = `
<div
  className="datePicker"
>
  <span
    className="datePickerInput"
  >
    <button
      className="icon calendarIcon"
      onClick={[Function]}
      type="button"
    >
      <svg
        fill="#666"
        height="100%"
        preserveAspectRatio="xMidYMid meet"
        viewBox="0 0 16 16"
        width="100%"
      >
        <path
          d="M15 1h-2v-1h-3v1h-4v-1h-3v1h-2c-0.552 0-1 0.448-1 1v0 13c0 0.552 0.448 1 1 1v0h14c0.552 0 1-0.448 1-1v0-13c0-0.552-0.448-1-1-1v0zM15 4v3h-4v-3h4zM11 1h1v2h-1v-2zM10 4v3h-4v-3h4zM10 8v3h-4v-3h4zM4 1h1v2h-1v-2zM5 4v3h-4v-3h4zM1 8h4v3h-4v-3zM1 15v-3h4v3h-4zM6 15v-3h4v3h-4zM15 15h-4v-3h4v3zM11 11v-3h4v3h-4z"
        />
      </svg>
    </button>
    <input
      className="calendarInput"
      onClick={[Function]}
      readOnly="readonly"
      value=""
    />
  </span>
</div>
`;
