// Jest Snapshot v1, https://goo.gl/fbAQLP

exports[`render CalendarMonth correctly 1`] = `
<div
  className="calendarDay"
/>
`;
