// Jest Snapshot v1, https://goo.gl/fbAQLP

exports[`render Icon correctly 1`] = `
<button
  className="icon"
  onClick={[Function]}
  type="button"
/>
`;
